// Jest Snapshot v1, https://goo.gl/fbAQLP

exports[`<App /> should render with videos 1`] = `
<Context.Provider
  value={
    Object {
      "store": Object {
        "clearActions": [Function],
        "dispatch": [Function],
        "getActions": [Function],
        "getState": [Function],
        "replaceReducer": [Function],
        "subscribe": [Function],
      },
      "subscription": Subscription {
        "handleChangeWrapper": [Function],
        "listeners": Object {
          "notify": [Function],
        },
        "onStateChange": [Function],
        "parentSub": undefined,
        "store": Object {
          "clearActions": [Function],
          "dispatch": [Function],
          "getActions": [Function],
          "getState": [Function],
          "replaceReducer": [Function],
          "subscribe": [Function],
        },
        "unsubscribe": null,
      },
    }
  }
>
  <Memo(ConnectFunction)
    history={
      Object {
        "action": "POP",
        "block": [Function],
        "createHref": [Function],
        "go": [Function],
        "goBack": [Function],
        "goForward": [Function],
        "length": 1,
        "listen": [Function],
        "location": Object {
          "hash": "",
          "pathname": "/",
          "search": "",
          "state": undefined,
        },
        "push": [Function],
        "replace": [Function],
      }
    }
  >
    <App />
  </Memo(ConnectFunction)>
</Context.Provider>
`;
